
   FAIL  Tests\Feature\Auth\RegistrationTest
  ✓ registration screen can be rendered                                  0.28s  
  ⨯ new users can register                                               0.05s  
  ────────────────────────────────────────────────────────────────────────────  
   FAILED  Tests\Feature\Auth\RegistrationTest > new users c…  QueryException   
  SQLSTATE[HY000]: General error: 1 no such table: activity_log (Connection: sqlite, Database: :memory:, SQL: insert into "activity_log" ("log_name", "properties", "batch_uuid", "event", "subject_id", "subject_type", "description", "updated_at", "created_at") values (default, {"attributes":{"id":1,"name":"John Doe","email":"test@example.com","email_verified_at":null,"password":"$2y$04$t7ag6htwgOo\/FgOe8WKu4us4yKVc7aE42u4tTT4oUtHFxxiuG7PGa","remember_token":null,"created_at":"2026-01-26T17:19:18.000000Z","updated_at":"2026-01-26T17:19:18.000000Z","two_factor_secret":null,"two_factor_recovery_codes":null,"two_factor_confirmed_at":null}}, ?, created, 1, App\Models\User, created, 2026-01-26 17:19:18, 2026-01-26 17:19:18))

  at vendor/laravel/framework/src/Illuminate/Database/Connection.php:578
    574▕             if ($this->pretending()) {
    575▕                 return true;
    576▕             }
    577▕ 
  ➜ 578▕             $statement = $this->getPdo()->prepare($query);
    579▕ 
    580▕             $this->bindValues($statement, $this->prepareBindings($bindings));
    581▕ 
    582▕             $this->recordsHaveBeenModified();

      [2m+25 vendor frames [22m
  26  app/Actions/Fortify/CreateNewUser.php:27
      [2m+9 vendor frames [22m
  36  app/Http/Middleware/SafeTenancyInit.php:20


  Tests:    1 failed, 1 passed (1 assertions)
  Duration: 0.41s

